CELL 1

Colab: False; projeto: /workspace/scratch/5b7e35a5f32a/audit-run; painel: (6240, 19)

CELL 3


CELL 5


CELL 7


CELL 9


CELL 11


CELL 13


CELL 15
WARNING: All log messages before absl::InitializeLog() is called are written to STDERR
I0000 00:00:1791139352.753881      74 port.cc:153] oneDNN custom operations are on. You may see slightly different numerical results due to floating-point round-off errors from different computation orders. To turn them off, set the environment variable `TF_ENABLE_ONEDNN_OPTS=0`.
I0000 00:00:1791139352.754420      74 cudart_stub.cc:31] Could not find cuda drivers on your machine, GPU will not be used.
WARNING: All log messages before absl::InitializeLog() is called are written to STDERR
I0000 00:00:1791139353.952385      74 port.cc:153] oneDNN custom operations are on. You may see slightly different numerical results due to floating-point round-off errors from different computation orders. To turn them off, set the environment variable `TF_ENABLE_ONEDNN_OPTS=0`.
I0000 00:00:1791139353.952683      74 cudart_stub.cc:31] Could not find cuda drivers on your machine, GPU will not be used.


CELL 16


CELL 18


CELL 20

/workspace/scratch/5b7e35a5f32a/audit-run/EDA_RESULTS.zip

ALL CELLS PASSED
