Collecting google-meridian@ git+https://github.com/google/meridian.git@02111531f8661373aa7b6ba31c316c67d72d1dd2 (from -r audit-repo/requirements.txt (line 2))
  Cloning https://github.com/google/meridian.git (to revision 02111531f8661373aa7b6ba31c316c67d72d1dd2) to /tmp/pip-install-6n26z1t2/google-meridian_be3ae843365544da99774855b6f76015
  Running command git clone --filter=blob:none --quiet https://github.com/google/meridian.git /tmp/pip-install-6n26z1t2/google-meridian_be3ae843365544da99774855b6f76015
  Running command git rev-parse -q --verify 'sha^02111531f8661373aa7b6ba31c316c67d72d1dd2'
  Running command git fetch -q https://github.com/google/meridian.git 02111531f8661373aa7b6ba31c316c67d72d1dd2
  Resolved https://github.com/google/meridian.git to commit 02111531f8661373aa7b6ba31c316c67d72d1dd2
  Installing build dependencies: started
  Installing build dependencies: finished with status 'done'
  Getting requirements to build wheel: started
  Getting requirements to build wheel: finished with status 'done'
  Preparing metadata (pyproject.toml): started
  Preparing metadata (pyproject.toml): finished with status 'done'
Collecting nbformat>=5 (from -r audit-repo/requirements.txt (line 3))
  Downloading nbformat-5.11.1-py3-none-any.whl.metadata (3.7 kB)
Collecting nbclient>=0.10 (from -r audit-repo/requirements.txt (line 4))
  Downloading nbclient-0.11.0-py3-none-any.whl.metadata (7.3 kB)
Collecting ipykernel>=6 (from -r audit-repo/requirements.txt (line 5))
  Downloading ipykernel-7.4.0-py3-none-any.whl.metadata (3.4 kB)
Collecting pytest>=8 (from -r audit-repo/requirements.txt (line 6))
  Downloading pytest-9.1.1-py3-none-any.whl.metadata (7.6 kB)
Collecting tabulate>=0.9 (from -r audit-repo/requirements.txt (line 7))
  Downloading tabulate-0.10.0-py3-none-any.whl.metadata (40 kB)
Collecting arviz<0.20.0 (from google-meridian@ git+https://github.com/google/meridian.git@02111531f8661373aa7b6ba31c316c67d72d1dd2->-r audit-repo/requirements.txt (line 2))
  Downloading arviz-0.19.0-py3-none-any.whl.metadata (8.9 kB)
Collecting altair>=5 (from google-meridian@ git+https://github.com/google/meridian.git@02111531f8661373aa7b6ba31c316c67d72d1dd2->-r audit-repo/requirements.txt (line 2))
  Downloading altair-6.3.0-py3-none-any.whl.metadata (11 kB)
Collecting babel (from google-meridian@ git+https://github.com/google/meridian.git@02111531f8661373aa7b6ba31c316c67d72d1dd2->-r audit-repo/requirements.txt (line 2))
  Downloading babel-2.18.0-py3-none-any.whl.metadata (2.2 kB)
Collecting bidict (from google-meridian@ git+https://github.com/google/meridian.git@02111531f8661373aa7b6ba31c316c67d72d1dd2->-r audit-repo/requirements.txt (line 2))
  Downloading bidict-0.24.1-py3-none-any.whl.metadata (8.7 kB)
Collecting immutabledict (from google-meridian@ git+https://github.com/google/meridian.git@02111531f8661373aa7b6ba31c316c67d72d1dd2->-r audit-repo/requirements.txt (line 2))
  Downloading immutabledict-4.3.1-py3-none-any.whl.metadata (3.5 kB)
Collecting jax<1.0.0,>=0.7.2 (from google-meridian@ git+https://github.com/google/meridian.git@02111531f8661373aa7b6ba31c316c67d72d1dd2->-r audit-repo/requirements.txt (line 2))
  Downloading jax-0.11.2-py3-none-any.whl.metadata (13 kB)
Collecting jaxlib<1.0.0,>=0.7.2 (from google-meridian@ git+https://github.com/google/meridian.git@02111531f8661373aa7b6ba31c316c67d72d1dd2->-r audit-repo/requirements.txt (line 2))
  Downloading jaxlib-0.11.2-cp312-cp312-manylinux_2_27_x86_64.whl.metadata (1.3 kB)
Collecting joblib (from google-meridian@ git+https://github.com/google/meridian.git@02111531f8661373aa7b6ba31c316c67d72d1dd2->-r audit-repo/requirements.txt (line 2))
  Downloading joblib-1.6.0-py3-none-any.whl.metadata (6.5 kB)
Collecting matplotlib<3.11.0 (from google-meridian@ git+https://github.com/google/meridian.git@02111531f8661373aa7b6ba31c316c67d72d1dd2->-r audit-repo/requirements.txt (line 2))
  Downloading matplotlib-3.10.9-cp312-cp312-manylinux2014_x86_64.manylinux_2_17_x86_64.whl.metadata (52 kB)
Collecting natsort<8,>=7.1.1 (from google-meridian@ git+https://github.com/google/meridian.git@02111531f8661373aa7b6ba31c316c67d72d1dd2->-r audit-repo/requirements.txt (line 2))
  Downloading natsort-7.1.1-py3-none-any.whl.metadata (22 kB)
Collecting numpy<2.4.0,>=2.0.2 (from google-meridian@ git+https://github.com/google/meridian.git@02111531f8661373aa7b6ba31c316c67d72d1dd2->-r audit-repo/requirements.txt (line 2))
  Downloading numpy-2.3.5-cp312-cp312-manylinux_2_27_x86_64.manylinux_2_28_x86_64.whl.metadata (62 kB)
Collecting pandas<3,>=2.2.2 (from google-meridian@ git+https://github.com/google/meridian.git@02111531f8661373aa7b6ba31c316c67d72d1dd2->-r audit-repo/requirements.txt (line 2))
  Downloading pandas-2.3.3-cp312-cp312-manylinux_2_24_x86_64.manylinux_2_28_x86_64.whl.metadata (91 kB)
Collecting scipy<2,>=1.13.1 (from google-meridian@ git+https://github.com/google/meridian.git@02111531f8661373aa7b6ba31c316c67d72d1dd2->-r audit-repo/requirements.txt (line 2))
  Downloading scipy-1.18.1-cp312-cp312-manylinux_2_27_x86_64.manylinux_2_28_x86_64.whl.metadata (62 kB)
Collecting statsmodels<0.15,>=0.14.5 (from google-meridian@ git+https://github.com/google/meridian.git@02111531f8661373aa7b6ba31c316c67d72d1dd2->-r audit-repo/requirements.txt (line 2))
  Downloading statsmodels-0.14.6-cp312-cp312-manylinux2014_x86_64.manylinux_2_17_x86_64.manylinux_2_28_x86_64.whl.metadata (9.5 kB)
Collecting tensorflow<2.22,>=2.21.0 (from google-meridian@ git+https://github.com/google/meridian.git@02111531f8661373aa7b6ba31c316c67d72d1dd2->-r audit-repo/requirements.txt (line 2))
  Downloading tensorflow-2.21.0-cp312-cp312-manylinux_2_27_x86_64.whl.metadata (4.4 kB)
Collecting tfp-nightly==0.26.0.dev20260130 (from tfp-nightly[substrates-jax]==0.26.0.dev20260130->google-meridian@ git+https://github.com/google/meridian.git@02111531f8661373aa7b6ba31c316c67d72d1dd2->-r audit-repo/requirements.txt (line 2))
  Downloading tfp_nightly-0.26.0.dev20260130-py2.py3-none-any.whl.metadata (13 kB)
Collecting tf-keras<2.22,>=2.21.0 (from google-meridian@ git+https://github.com/google/meridian.git@02111531f8661373aa7b6ba31c316c67d72d1dd2->-r audit-repo/requirements.txt (line 2))
  Downloading tf_keras-2.21.0-py3-none-any.whl.metadata (1.8 kB)
Collecting xarray (from google-meridian@ git+https://github.com/google/meridian.git@02111531f8661373aa7b6ba31c316c67d72d1dd2->-r audit-repo/requirements.txt (line 2))
  Downloading xarray-2026.9.0-py3-none-any.whl.metadata (12 kB)
Collecting absl-py (from tfp-nightly==0.26.0.dev20260130->tfp-nightly[substrates-jax]==0.26.0.dev20260130->google-meridian@ git+https://github.com/google/meridian.git@02111531f8661373aa7b6ba31c316c67d72d1dd2->-r audit-repo/requirements.txt (line 2))
  Downloading absl_py-2.5.0-py3-none-any.whl.metadata (3.3 kB)
Collecting six>=1.10.0 (from tfp-nightly==0.26.0.dev20260130->tfp-nightly[substrates-jax]==0.26.0.dev20260130->google-meridian@ git+https://github.com/google/meridian.git@02111531f8661373aa7b6ba31c316c67d72d1dd2->-r audit-repo/requirements.txt (line 2))
  Downloading six-1.17.0-py2.py3-none-any.whl.metadata (1.7 kB)
Collecting decorator (from tfp-nightly==0.26.0.dev20260130->tfp-nightly[substrates-jax]==0.26.0.dev20260130->google-meridian@ git+https://github.com/google/meridian.git@02111531f8661373aa7b6ba31c316c67d72d1dd2->-r audit-repo/requirements.txt (line 2))
  Downloading decorator-5.3.1-py3-none-any.whl.metadata (3.9 kB)
Collecting cloudpickle>=1.3 (from tfp-nightly==0.26.0.dev20260130->tfp-nightly[substrates-jax]==0.26.0.dev20260130->google-meridian@ git+https://github.com/google/meridian.git@02111531f8661373aa7b6ba31c316c67d72d1dd2->-r audit-repo/requirements.txt (line 2))
  Downloading cloudpickle-3.1.2-py3-none-any.whl.metadata (7.1 kB)
Collecting gast>=0.3.2 (from tfp-nightly==0.26.0.dev20260130->tfp-nightly[substrates-jax]==0.26.0.dev20260130->google-meridian@ git+https://github.com/google/meridian.git@02111531f8661373aa7b6ba31c316c67d72d1dd2->-r audit-repo/requirements.txt (line 2))
  Downloading gast-0.7.0-py3-none-any.whl.metadata (1.5 kB)
Collecting dm-tree (from tfp-nightly==0.26.0.dev20260130->tfp-nightly[substrates-jax]==0.26.0.dev20260130->google-meridian@ git+https://github.com/google/meridian.git@02111531f8661373aa7b6ba31c316c67d72d1dd2->-r audit-repo/requirements.txt (line 2))
  Downloading dm_tree-0.1.10-cp312-cp312-manylinux_2_24_x86_64.manylinux_2_28_x86_64.whl.metadata (2.6 kB)
WARNING: tfp-nightly 0.26.0.dev20260130 does not provide the extra 'substrates-jax'
Collecting fastjsonschema>=2.15 (from nbformat>=5->-r audit-repo/requirements.txt (line 3))
  Downloading fastjsonschema-2.22.2-py3-none-any.whl.metadata (2.1 kB)
Collecting jsonschema>=2.6 (from nbformat>=5->-r audit-repo/requirements.txt (line 3))
  Downloading jsonschema-4.26.0-py3-none-any.whl.metadata (7.6 kB)
Collecting jupyter-core!=5.0.*,>=4.12 (from nbformat>=5->-r audit-repo/requirements.txt (line 3))
  Downloading jupyter_core-5.9.1-py3-none-any.whl.metadata (1.5 kB)
Collecting traitlets>=5.1 (from nbformat>=5->-r audit-repo/requirements.txt (line 3))
  Downloading traitlets-5.16.1-py3-none-any.whl.metadata (10 kB)
Collecting jupyter-client>=7.0.0 (from nbclient>=0.10->-r audit-repo/requirements.txt (line 4))
  Downloading jupyter_client-8.10.0-py3-none-any.whl.metadata (8.5 kB)
Collecting comm>=0.1.1 (from ipykernel>=6->-r audit-repo/requirements.txt (line 5))
  Downloading comm-0.2.3-py3-none-any.whl.metadata (3.7 kB)
Collecting debugpy>=1.6.5 (from ipykernel>=6->-r audit-repo/requirements.txt (line 5))
  Downloading debugpy-1.8.22-cp312-cp312-manylinux_2_34_x86_64.whl.metadata (1.4 kB)
Collecting ipython>=7.23.1 (from ipykernel>=6->-r audit-repo/requirements.txt (line 5))
  Downloading ipython-9.17.1-py3-none-any.whl.metadata (4.6 kB)
Collecting matplotlib-inline>=0.1 (from ipykernel>=6->-r audit-repo/requirements.txt (line 5))
  Downloading matplotlib_inline-0.2.2-py3-none-any.whl.metadata (2.4 kB)
Collecting nest-asyncio2>=1.7.0 (from ipykernel>=6->-r audit-repo/requirements.txt (line 5))
  Downloading nest_asyncio2-1.7.3-py3-none-any.whl.metadata (6.7 kB)
Collecting packaging>=22 (from ipykernel>=6->-r audit-repo/requirements.txt (line 5))
  Downloading packaging-26.3-py3-none-any.whl.metadata (3.5 kB)
Collecting pyzmq>=25 (from ipykernel>=6->-r audit-repo/requirements.txt (line 5))
  Downloading pyzmq-27.2.0-cp312-abi3-manylinux_2_26_x86_64.manylinux_2_28_x86_64.whl.metadata (3.8 kB)
Collecting tornado>=6.5.7 (from ipykernel>=6->-r audit-repo/requirements.txt (line 5))
  Downloading tornado-6.5.10-cp39-abi3-manylinux1_x86_64.manylinux_2_28_x86_64.manylinux_2_5_x86_64.whl.metadata (2.8 kB)
Collecting iniconfig>=1.0.1 (from pytest>=8->-r audit-repo/requirements.txt (line 6))
  Downloading iniconfig-2.3.0-py3-none-any.whl.metadata (2.5 kB)
Collecting pluggy<2,>=1.5 (from pytest>=8->-r audit-repo/requirements.txt (line 6))
  Downloading pluggy-1.6.0-py3-none-any.whl.metadata (4.8 kB)
Collecting pygments>=2.7.2 (from pytest>=8->-r audit-repo/requirements.txt (line 6))
  Downloading pygments-2.21.0-py3-none-any.whl.metadata (2.5 kB)
Collecting jinja2 (from altair>=5->google-meridian@ git+https://github.com/google/meridian.git@02111531f8661373aa7b6ba31c316c67d72d1dd2->-r audit-repo/requirements.txt (line 2))
  Downloading jinja2-3.1.6-py3-none-any.whl.metadata (2.9 kB)
Collecting narwhals>=2.4.0 (from altair>=5->google-meridian@ git+https://github.com/google/meridian.git@02111531f8661373aa7b6ba31c316c67d72d1dd2->-r audit-repo/requirements.txt (line 2))
  Downloading narwhals-2.26.0-py3-none-any.whl.metadata (15 kB)
Collecting typing-extensions>=4.12.0 (from altair>=5->google-meridian@ git+https://github.com/google/meridian.git@02111531f8661373aa7b6ba31c316c67d72d1dd2->-r audit-repo/requirements.txt (line 2))
  Downloading typing_extensions-4.16.0-py3-none-any.whl.metadata (3.3 kB)
Collecting setuptools>=60.0.0 (from arviz<0.20.0->google-meridian@ git+https://github.com/google/meridian.git@02111531f8661373aa7b6ba31c316c67d72d1dd2->-r audit-repo/requirements.txt (line 2))
  Using cached setuptools-84.0.0-py3-none-any.whl.metadata (6.6 kB)
Collecting h5netcdf>=1.0.2 (from arviz<0.20.0->google-meridian@ git+https://github.com/google/meridian.git@02111531f8661373aa7b6ba31c316c67d72d1dd2->-r audit-repo/requirements.txt (line 2))
  Downloading h5netcdf-1.8.1-py3-none-any.whl.metadata (15 kB)
Collecting xarray-einstats>=0.3 (from arviz<0.20.0->google-meridian@ git+https://github.com/google/meridian.git@02111531f8661373aa7b6ba31c316c67d72d1dd2->-r audit-repo/requirements.txt (line 2))
  Downloading xarray_einstats-0.11.0-py3-none-any.whl.metadata (5.8 kB)
Collecting ipython-pygments-lexers>=1.0.0 (from ipython>=7.23.1->ipykernel>=6->-r audit-repo/requirements.txt (line 5))
  Downloading ipython_pygments_lexers-1.1.1-py3-none-any.whl.metadata (1.1 kB)
Collecting jedi>=0.18.2 (from ipython>=7.23.1->ipykernel>=6->-r audit-repo/requirements.txt (line 5))
  Downloading jedi-0.20.0-py2.py3-none-any.whl.metadata (23 kB)
Collecting pexpect>4.6 (from ipython>=7.23.1->ipykernel>=6->-r audit-repo/requirements.txt (line 5))
  Downloading pexpect-4.9.0-py2.py3-none-any.whl.metadata (2.5 kB)
Collecting prompt_toolkit<3.1.0,>=3.0.41 (from ipython>=7.23.1->ipykernel>=6->-r audit-repo/requirements.txt (line 5))
  Downloading prompt_toolkit-3.0.53-py3-none-any.whl.metadata (6.4 kB)
Collecting psutil>=7 (from ipython>=7.23.1->ipykernel>=6->-r audit-repo/requirements.txt (line 5))
  Downloading psutil-7.2.2-cp36-abi3-manylinux2010_x86_64.manylinux_2_12_x86_64.manylinux_2_28_x86_64.whl.metadata (22 kB)
Collecting stack_data>=0.6.0 (from ipython>=7.23.1->ipykernel>=6->-r audit-repo/requirements.txt (line 5))
  Downloading stack_data-0.6.3-py3-none-any.whl.metadata (18 kB)
Collecting ml_dtypes>=0.5.0 (from jax<1.0.0,>=0.7.2->google-meridian@ git+https://github.com/google/meridian.git@02111531f8661373aa7b6ba31c316c67d72d1dd2->-r audit-repo/requirements.txt (line 2))
  Downloading ml_dtypes-0.6.0-cp312-cp312-manylinux_2_27_x86_64.manylinux_2_28_x86_64.whl.metadata (8.8 kB)
Collecting opt_einsum (from jax<1.0.0,>=0.7.2->google-meridian@ git+https://github.com/google/meridian.git@02111531f8661373aa7b6ba31c316c67d72d1dd2->-r audit-repo/requirements.txt (line 2))
  Downloading opt_einsum-3.4.0-py3-none-any.whl.metadata (6.3 kB)
Collecting attrs>=22.2.0 (from jsonschema>=2.6->nbformat>=5->-r audit-repo/requirements.txt (line 3))
  Downloading attrs-26.1.0-py3-none-any.whl.metadata (8.8 kB)
Collecting jsonschema-specifications>=2023.03.6 (from jsonschema>=2.6->nbformat>=5->-r audit-repo/requirements.txt (line 3))
  Downloading jsonschema_specifications-2025.9.1-py3-none-any.whl.metadata (2.9 kB)
Collecting referencing>=0.28.4 (from jsonschema>=2.6->nbformat>=5->-r audit-repo/requirements.txt (line 3))
  Downloading referencing-0.37.0-py3-none-any.whl.metadata (2.8 kB)
Collecting rpds-py>=0.25.0 (from jsonschema>=2.6->nbformat>=5->-r audit-repo/requirements.txt (line 3))
  Downloading rpds_py-2026.9.1-cp312-cp312-manylinux_2_17_x86_64.manylinux2014_x86_64.whl.metadata (4.1 kB)
Collecting python-dateutil>=2.8.2 (from jupyter-client>=7.0.0->nbclient>=0.10->-r audit-repo/requirements.txt (line 4))
  Downloading python_dateutil-2.9.0.post0-py2.py3-none-any.whl.metadata (8.4 kB)
Collecting platformdirs>=2.5 (from jupyter-core!=5.0.*,>=4.12->nbformat>=5->-r audit-repo/requirements.txt (line 3))
  Downloading platformdirs-4.12.3-py3-none-any.whl.metadata (5.5 kB)
Collecting contourpy>=1.0.1 (from matplotlib<3.11.0->google-meridian@ git+https://github.com/google/meridian.git@02111531f8661373aa7b6ba31c316c67d72d1dd2->-r audit-repo/requirements.txt (line 2))
  Downloading contourpy-1.4.0-cp312-cp312-manylinux_2_27_x86_64.manylinux_2_28_x86_64.whl.metadata (3.8 kB)
Collecting cycler>=0.10 (from matplotlib<3.11.0->google-meridian@ git+https://github.com/google/meridian.git@02111531f8661373aa7b6ba31c316c67d72d1dd2->-r audit-repo/requirements.txt (line 2))
  Downloading cycler-0.12.1-py3-none-any.whl.metadata (3.8 kB)
Collecting fonttools>=4.22.0 (from matplotlib<3.11.0->google-meridian@ git+https://github.com/google/meridian.git@02111531f8661373aa7b6ba31c316c67d72d1dd2->-r audit-repo/requirements.txt (line 2))
  Downloading fonttools-4.66.1-cp312-cp312-manylinux2014_x86_64.manylinux_2_17_x86_64.whl.metadata (130 kB)
Collecting kiwisolver>=1.3.1 (from matplotlib<3.11.0->google-meridian@ git+https://github.com/google/meridian.git@02111531f8661373aa7b6ba31c316c67d72d1dd2->-r audit-repo/requirements.txt (line 2))
  Downloading kiwisolver-1.5.1-cp312-cp312-manylinux2014_x86_64.manylinux_2_17_x86_64.whl.metadata (5.2 kB)
Collecting pillow>=8 (from matplotlib<3.11.0->google-meridian@ git+https://github.com/google/meridian.git@02111531f8661373aa7b6ba31c316c67d72d1dd2->-r audit-repo/requirements.txt (line 2))
  Downloading pillow-12.3.0-cp312-cp312-manylinux_2_27_x86_64.manylinux_2_28_x86_64.whl.metadata (9.1 kB)
Collecting pyparsing>=3 (from matplotlib<3.11.0->google-meridian@ git+https://github.com/google/meridian.git@02111531f8661373aa7b6ba31c316c67d72d1dd2->-r audit-repo/requirements.txt (line 2))
  Downloading pyparsing-3.3.3-py3-none-any.whl.metadata (5.9 kB)
Collecting pytz>=2020.1 (from pandas<3,>=2.2.2->google-meridian@ git+https://github.com/google/meridian.git@02111531f8661373aa7b6ba31c316c67d72d1dd2->-r audit-repo/requirements.txt (line 2))
  Downloading pytz-2026.5-py2.py3-none-any.whl.metadata (22 kB)
Collecting tzdata>=2022.7 (from pandas<3,>=2.2.2->google-meridian@ git+https://github.com/google/meridian.git@02111531f8661373aa7b6ba31c316c67d72d1dd2->-r audit-repo/requirements.txt (line 2))
  Downloading tzdata-2026.5-py2.py3-none-any.whl.metadata (1.4 kB)
Collecting patsy>=0.5.6 (from statsmodels<0.15,>=0.14.5->google-meridian@ git+https://github.com/google/meridian.git@02111531f8661373aa7b6ba31c316c67d72d1dd2->-r audit-repo/requirements.txt (line 2))
  Downloading patsy-1.0.3-py2.py3-none-any.whl.metadata (3.7 kB)
Collecting astunparse>=1.6.0 (from tensorflow<2.22,>=2.21.0->google-meridian@ git+https://github.com/google/meridian.git@02111531f8661373aa7b6ba31c316c67d72d1dd2->-r audit-repo/requirements.txt (line 2))
  Downloading astunparse-1.6.3-py2.py3-none-any.whl.metadata (4.4 kB)
Collecting flatbuffers>=25.9.23 (from tensorflow<2.22,>=2.21.0->google-meridian@ git+https://github.com/google/meridian.git@02111531f8661373aa7b6ba31c316c67d72d1dd2->-r audit-repo/requirements.txt (line 2))
  Downloading flatbuffers-25.12.19-py2.py3-none-any.whl.metadata (1.0 kB)
Collecting google_pasta>=0.1.1 (from tensorflow<2.22,>=2.21.0->google-meridian@ git+https://github.com/google/meridian.git@02111531f8661373aa7b6ba31c316c67d72d1dd2->-r audit-repo/requirements.txt (line 2))
  Downloading google_pasta-0.2.0-py3-none-any.whl.metadata (814 bytes)
Collecting libclang>=13.0.0 (from tensorflow<2.22,>=2.21.0->google-meridian@ git+https://github.com/google/meridian.git@02111531f8661373aa7b6ba31c316c67d72d1dd2->-r audit-repo/requirements.txt (line 2))
  Downloading libclang-18.1.1-py2.py3-none-manylinux2010_x86_64.whl.metadata (5.2 kB)
Collecting protobuf<8.0.0,>=6.31.1 (from tensorflow<2.22,>=2.21.0->google-meridian@ git+https://github.com/google/meridian.git@02111531f8661373aa7b6ba31c316c67d72d1dd2->-r audit-repo/requirements.txt (line 2))
  Downloading protobuf-7.36.2-cp310-abi3-manylinux2014_x86_64.whl.metadata (595 bytes)
Collecting requests<3,>=2.21.0 (from tensorflow<2.22,>=2.21.0->google-meridian@ git+https://github.com/google/meridian.git@02111531f8661373aa7b6ba31c316c67d72d1dd2->-r audit-repo/requirements.txt (line 2))
  Downloading requests-2.34.2-py3-none-any.whl.metadata (4.8 kB)
Collecting termcolor>=1.1.0 (from tensorflow<2.22,>=2.21.0->google-meridian@ git+https://github.com/google/meridian.git@02111531f8661373aa7b6ba31c316c67d72d1dd2->-r audit-repo/requirements.txt (line 2))
  Downloading termcolor-3.3.0-py3-none-any.whl.metadata (6.5 kB)
Collecting wrapt>=1.11.0 (from tensorflow<2.22,>=2.21.0->google-meridian@ git+https://github.com/google/meridian.git@02111531f8661373aa7b6ba31c316c67d72d1dd2->-r audit-repo/requirements.txt (line 2))
  Downloading wrapt-2.5.0-cp312-cp312-manylinux1_x86_64.manylinux_2_28_x86_64.manylinux_2_5_x86_64.whl.metadata (7.6 kB)
Collecting grpcio<2.0,>=1.24.3 (from tensorflow<2.22,>=2.21.0->google-meridian@ git+https://github.com/google/meridian.git@02111531f8661373aa7b6ba31c316c67d72d1dd2->-r audit-repo/requirements.txt (line 2))
  Downloading grpcio-1.84.0-cp312-cp312-manylinux2014_x86_64.manylinux_2_17_x86_64.whl.metadata (3.8 kB)
Collecting keras>=3.12.0 (from tensorflow<2.22,>=2.21.0->google-meridian@ git+https://github.com/google/meridian.git@02111531f8661373aa7b6ba31c316c67d72d1dd2->-r audit-repo/requirements.txt (line 2))
  Downloading keras-3.15.1-py3-none-any.whl.metadata (6.4 kB)
Collecting h5py<3.15.0,>=3.11.0 (from tensorflow<2.22,>=2.21.0->google-meridian@ git+https://github.com/google/meridian.git@02111531f8661373aa7b6ba31c316c67d72d1dd2->-r audit-repo/requirements.txt (line 2))
  Downloading h5py-3.14.0-cp312-cp312-manylinux_2_17_x86_64.manylinux2014_x86_64.whl.metadata (2.7 kB)
Collecting wheel<1.0,>=0.23.0 (from astunparse>=1.6.0->tensorflow<2.22,>=2.21.0->google-meridian@ git+https://github.com/google/meridian.git@02111531f8661373aa7b6ba31c316c67d72d1dd2->-r audit-repo/requirements.txt (line 2))
  Downloading wheel-0.48.0-py3-none-any.whl.metadata (2.3 kB)
Collecting parso<0.9.0,>=0.8.6 (from jedi>=0.18.2->ipython>=7.23.1->ipykernel>=6->-r audit-repo/requirements.txt (line 5))
  Downloading parso-0.8.7-py2.py3-none-any.whl.metadata (8.2 kB)
Collecting rich (from keras>=3.12.0->tensorflow<2.22,>=2.21.0->google-meridian@ git+https://github.com/google/meridian.git@02111531f8661373aa7b6ba31c316c67d72d1dd2->-r audit-repo/requirements.txt (line 2))
  Downloading rich-15.0.0-py3-none-any.whl.metadata (18 kB)
Collecting namex (from keras>=3.12.0->tensorflow<2.22,>=2.21.0->google-meridian@ git+https://github.com/google/meridian.git@02111531f8661373aa7b6ba31c316c67d72d1dd2->-r audit-repo/requirements.txt (line 2))
  Downloading namex-0.1.0-py3-none-any.whl.metadata (322 bytes)
Collecting optree (from keras>=3.12.0->tensorflow<2.22,>=2.21.0->google-meridian@ git+https://github.com/google/meridian.git@02111531f8661373aa7b6ba31c316c67d72d1dd2->-r audit-repo/requirements.txt (line 2))
  Downloading optree-0.20.0-cp312-cp312-manylinux_2_27_x86_64.manylinux_2_28_x86_64.whl.metadata (32 kB)
Collecting ptyprocess>=0.5 (from pexpect>4.6->ipython>=7.23.1->ipykernel>=6->-r audit-repo/requirements.txt (line 5))
  Downloading ptyprocess-0.7.0-py2.py3-none-any.whl.metadata (1.3 kB)
Collecting wcwidth>=0.1.4 (from prompt_toolkit<3.1.0,>=3.0.41->ipython>=7.23.1->ipykernel>=6->-r audit-repo/requirements.txt (line 5))
  Downloading wcwidth-0.9.1-cp310-abi3-manylinux2014_x86_64.manylinux_2_17_x86_64.whl.metadata (23 kB)
Collecting charset_normalizer<4,>=2 (from requests<3,>=2.21.0->tensorflow<2.22,>=2.21.0->google-meridian@ git+https://github.com/google/meridian.git@02111531f8661373aa7b6ba31c316c67d72d1dd2->-r audit-repo/requirements.txt (line 2))
  Downloading charset_normalizer-3.5.2-cp312-cp312-manylinux2014_x86_64.manylinux_2_17_x86_64.manylinux_2_28_x86_64.whl.metadata (46 kB)
Collecting idna<4,>=2.5 (from requests<3,>=2.21.0->tensorflow<2.22,>=2.21.0->google-meridian@ git+https://github.com/google/meridian.git@02111531f8661373aa7b6ba31c316c67d72d1dd2->-r audit-repo/requirements.txt (line 2))
  Downloading idna-3.20-py3-none-any.whl.metadata (7.2 kB)
Collecting urllib3<3,>=1.26 (from requests<3,>=2.21.0->tensorflow<2.22,>=2.21.0->google-meridian@ git+https://github.com/google/meridian.git@02111531f8661373aa7b6ba31c316c67d72d1dd2->-r audit-repo/requirements.txt (line 2))
  Downloading urllib3-2.8.0-py3-none-any.whl.metadata (7.4 kB)
Collecting certifi>=2023.5.7 (from requests<3,>=2.21.0->tensorflow<2.22,>=2.21.0->google-meridian@ git+https://github.com/google/meridian.git@02111531f8661373aa7b6ba31c316c67d72d1dd2->-r audit-repo/requirements.txt (line 2))
  Downloading certifi-2026.7.22-py3-none-any.whl.metadata (2.5 kB)
Collecting executing>=1.2.0 (from stack_data>=0.6.0->ipython>=7.23.1->ipykernel>=6->-r audit-repo/requirements.txt (line 5))
  Downloading executing-2.2.1-py2.py3-none-any.whl.metadata (8.9 kB)
Collecting asttokens>=2.1.0 (from stack_data>=0.6.0->ipython>=7.23.1->ipykernel>=6->-r audit-repo/requirements.txt (line 5))
  Downloading asttokens-3.0.2-py3-none-any.whl.metadata (5.7 kB)
Collecting pure-eval (from stack_data>=0.6.0->ipython>=7.23.1->ipykernel>=6->-r audit-repo/requirements.txt (line 5))
  Downloading pure_eval-0.2.4-py3-none-any.whl.metadata (6.4 kB)
Collecting MarkupSafe>=2.0 (from jinja2->altair>=5->google-meridian@ git+https://github.com/google/meridian.git@02111531f8661373aa7b6ba31c316c67d72d1dd2->-r audit-repo/requirements.txt (line 2))
  Downloading markupsafe-3.0.4-cp312-cp312-manylinux2014_x86_64.manylinux_2_17_x86_64.manylinux_2_28_x86_64.whl.metadata (2.7 kB)
Collecting markdown-it-py>=2.2.0 (from rich->keras>=3.12.0->tensorflow<2.22,>=2.21.0->google-meridian@ git+https://github.com/google/meridian.git@02111531f8661373aa7b6ba31c316c67d72d1dd2->-r audit-repo/requirements.txt (line 2))
  Downloading markdown_it_py-4.2.0-py3-none-any.whl.metadata (7.4 kB)
Collecting mdurl~=0.1 (from markdown-it-py>=2.2.0->rich->keras>=3.12.0->tensorflow<2.22,>=2.21.0->google-meridian@ git+https://github.com/google/meridian.git@02111531f8661373aa7b6ba31c316c67d72d1dd2->-r audit-repo/requirements.txt (line 2))
  Downloading mdurl-0.1.2-py3-none-any.whl.metadata (1.6 kB)
Downloading tfp_nightly-0.26.0.dev20260130-py2.py3-none-any.whl (7.0 MB)
   ━━━━━━━━━━━━━━━━━━━━━━━━━━━━━━━━━━━━━━━━ 7.0/7.0 MB 36.2 MB/s eta 0:00:00
Downloading nbformat-5.11.1-py3-none-any.whl (79 kB)
Downloading nbclient-0.11.0-py3-none-any.whl (25 kB)
Downloading ipykernel-7.4.0-py3-none-any.whl (123 kB)
Downloading pytest-9.1.1-py3-none-any.whl (386 kB)
Downloading tabulate-0.10.0-py3-none-any.whl (39 kB)
Downloading altair-6.3.0-py3-none-any.whl (797 kB)
   ━━━━━━━━━━━━━━━━━━━━━━━━━━━━━━━━━━━━━━━ 797.2/797.2 kB 190.2 MB/s eta 0:00:00
Downloading arviz-0.19.0-py3-none-any.whl (1.7 MB)
   ━━━━━━━━━━━━━━━━━━━━━━━━━━━━━━━━━━━━━━━━ 1.7/1.7 MB 25.9 MB/s eta 0:00:00
Downloading comm-0.2.3-py3-none-any.whl (7.3 kB)
Downloading debugpy-1.8.22-cp312-cp312-manylinux_2_34_x86_64.whl (4.0 MB)
   ━━━━━━━━━━━━━━━━━━━━━━━━━━━━━━━━━━━━━━━━ 4.0/4.0 MB 48.1 MB/s eta 0:00:00
Downloading fastjsonschema-2.22.2-py3-none-any.whl (27 kB)
Downloading iniconfig-2.3.0-py3-none-any.whl (7.5 kB)
Downloading ipython-9.17.1-py3-none-any.whl (639 kB)
   ━━━━━━━━━━━━━━━━━━━━━━━━━━━━━━━━━━━━━━━━ 639.0/639.0 kB 8.5 MB/s eta 0:00:00
Downloading jax-0.11.2-py3-none-any.whl (3.3 MB)
   ━━━━━━━━━━━━━━━━━━━━━━━━━━━━━━━━━━━━━━━━ 3.3/3.3 MB 61.8 MB/s eta 0:00:00
Downloading jaxlib-0.11.2-cp312-cp312-manylinux_2_27_x86_64.whl (89.9 MB)
   ━━━━━━━━━━━━━━━━━━━━━━━━━━━━━━━━━━━━━━━━ 89.9/89.9 MB 109.2 MB/s eta 0:00:00
Downloading jsonschema-4.26.0-py3-none-any.whl (90 kB)
Downloading jupyter_client-8.10.0-py3-none-any.whl (110 kB)
Downloading jupyter_core-5.9.1-py3-none-any.whl (29 kB)
Downloading matplotlib-3.10.9-cp312-cp312-manylinux2014_x86_64.manylinux_2_17_x86_64.whl (8.8 MB)
   ━━━━━━━━━━━━━━━━━━━━━━━━━━━━━━━━━━━━━━━━ 8.8/8.8 MB 95.8 MB/s eta 0:00:00
Downloading matplotlib_inline-0.2.2-py3-none-any.whl (9.5 kB)
Downloading natsort-7.1.1-py3-none-any.whl (35 kB)
Downloading nest_asyncio2-1.7.3-py3-none-any.whl (8.4 kB)
Downloading numpy-2.3.5-cp312-cp312-manylinux_2_27_x86_64.manylinux_2_28_x86_64.whl (16.6 MB)
   ━━━━━━━━━━━━━━━━━━━━━━━━━━━━━━━━━━━━━━━━ 16.6/16.6 MB 117.6 MB/s eta 0:00:00
Downloading packaging-26.3-py3-none-any.whl (129 kB)
Downloading pandas-2.3.3-cp312-cp312-manylinux_2_24_x86_64.manylinux_2_28_x86_64.whl (12.4 MB)
   ━━━━━━━━━━━━━━━━━━━━━━━━━━━━━━━━━━━━━━━━ 12.4/12.4 MB 108.4 MB/s eta 0:00:00
Downloading pluggy-1.6.0-py3-none-any.whl (20 kB)
Downloading pygments-2.21.0-py3-none-any.whl (1.3 MB)
   ━━━━━━━━━━━━━━━━━━━━━━━━━━━━━━━━━━━━━━━━ 1.3/1.3 MB 20.7 MB/s eta 0:00:00
Downloading pyzmq-27.2.0-cp312-abi3-manylinux_2_26_x86_64.manylinux_2_28_x86_64.whl (872 kB)
   ━━━━━━━━━━━━━━━━━━━━━━━━━━━━━━━━━━━━━━━━ 872.3/872.3 kB 13.4 MB/s eta 0:00:00
Downloading scipy-1.18.1-cp312-cp312-manylinux_2_27_x86_64.manylinux_2_28_x86_64.whl (35.3 MB)
   ━━━━━━━━━━━━━━━━━━━━━━━━━━━━━━━━━━━━━━━━ 35.3/35.3 MB 142.5 MB/s eta 0:00:00
Downloading statsmodels-0.14.6-cp312-cp312-manylinux2014_x86_64.manylinux_2_17_x86_64.manylinux_2_28_x86_64.whl (10.3 MB)
   ━━━━━━━━━━━━━━━━━━━━━━━━━━━━━━━━━━━━━━━━ 10.3/10.3 MB 69.1 MB/s eta 0:00:00
Downloading tensorflow-2.21.0-cp312-cp312-manylinux_2_27_x86_64.whl (572.6 MB)
   ━━━━━━━━━━━━━━━━━━━━━━━━━━━━━━━━━━━━━━━ 572.6/572.6 MB 142.0 MB/s eta 0:00:00
Downloading tf_keras-2.21.0-py3-none-any.whl (1.7 MB)
   ━━━━━━━━━━━━━━━━━━━━━━━━━━━━━━━━━━━━━━━━ 1.7/1.7 MB 31.1 MB/s eta 0:00:00
Downloading tornado-6.5.10-cp39-abi3-manylinux1_x86_64.manylinux_2_28_x86_64.manylinux_2_5_x86_64.whl (467 kB)
Downloading traitlets-5.16.1-py3-none-any.whl (86 kB)
Downloading xarray-2026.9.0-py3-none-any.whl (1.4 MB)
   ━━━━━━━━━━━━━━━━━━━━━━━━━━━━━━━━━━━━━━━━ 1.4/1.4 MB 23.1 MB/s eta 0:00:00
Downloading babel-2.18.0-py3-none-any.whl (10.2 MB)
   ━━━━━━━━━━━━━━━━━━━━━━━━━━━━━━━━━━━━━━━━ 10.2/10.2 MB 79.2 MB/s eta 0:00:00
Downloading bidict-0.24.1-py3-none-any.whl (36 kB)
Downloading immutabledict-4.3.1-py3-none-any.whl (5.0 kB)
Downloading joblib-1.6.0-py3-none-any.whl (306 kB)
Downloading absl_py-2.5.0-py3-none-any.whl (137 kB)
Downloading astunparse-1.6.3-py2.py3-none-any.whl (12 kB)
Downloading attrs-26.1.0-py3-none-any.whl (67 kB)
Downloading cloudpickle-3.1.2-py3-none-any.whl (22 kB)
Downloading contourpy-1.4.0-cp312-cp312-manylinux_2_27_x86_64.manylinux_2_28_x86_64.whl (383 kB)
Downloading cycler-0.12.1-py3-none-any.whl (8.3 kB)
Downloading dm_tree-0.1.10-cp312-cp312-manylinux_2_24_x86_64.manylinux_2_28_x86_64.whl (186 kB)
Downloading flatbuffers-25.12.19-py2.py3-none-any.whl (26 kB)
Downloading fonttools-4.66.1-cp312-cp312-manylinux2014_x86_64.manylinux_2_17_x86_64.whl (5.4 MB)
   ━━━━━━━━━━━━━━━━━━━━━━━━━━━━━━━━━━━━━━━━ 5.4/5.4 MB 68.8 MB/s eta 0:00:00
Downloading gast-0.7.0-py3-none-any.whl (22 kB)
Downloading google_pasta-0.2.0-py3-none-any.whl (57 kB)
Downloading grpcio-1.84.0-cp312-cp312-manylinux2014_x86_64.manylinux_2_17_x86_64.whl (7.2 MB)
   ━━━━━━━━━━━━━━━━━━━━━━━━━━━━━━━━━━━━━━━━ 7.2/7.2 MB 91.5 MB/s eta 0:00:00
Downloading h5netcdf-1.8.1-py3-none-any.whl (62 kB)
Downloading h5py-3.14.0-cp312-cp312-manylinux_2_17_x86_64.manylinux2014_x86_64.whl (4.9 MB)
   ━━━━━━━━━━━━━━━━━━━━━━━━━━━━━━━━━━━━━━━━ 4.9/4.9 MB 67.1 MB/s eta 0:00:00
Downloading ipython_pygments_lexers-1.1.1-py3-none-any.whl (8.1 kB)
Downloading jedi-0.20.0-py2.py3-none-any.whl (4.9 MB)
   ━━━━━━━━━━━━━━━━━━━━━━━━━━━━━━━━━━━━━━━━ 4.9/4.9 MB 71.7 MB/s eta 0:00:00
Downloading jsonschema_specifications-2025.9.1-py3-none-any.whl (18 kB)
Downloading keras-3.15.1-py3-none-any.whl (2.4 MB)
   ━━━━━━━━━━━━━━━━━━━━━━━━━━━━━━━━━━━━━━━━ 2.4/2.4 MB 28.7 MB/s eta 0:00:00
Downloading kiwisolver-1.5.1-cp312-cp312-manylinux2014_x86_64.manylinux_2_17_x86_64.whl (1.5 MB)
   ━━━━━━━━━━━━━━━━━━━━━━━━━━━━━━━━━━━━━━━━ 1.5/1.5 MB 17.1 MB/s eta 0:00:00
Downloading libclang-18.1.1-py2.py3-none-manylinux2010_x86_64.whl (24.5 MB)
   ━━━━━━━━━━━━━━━━━━━━━━━━━━━━━━━━━━━━━━━━ 24.5/24.5 MB 112.5 MB/s eta 0:00:00
Downloading ml_dtypes-0.6.0-cp312-cp312-manylinux_2_27_x86_64.manylinux_2_28_x86_64.whl (409 kB)
Downloading narwhals-2.26.0-py3-none-any.whl (474 kB)
Downloading opt_einsum-3.4.0-py3-none-any.whl (71 kB)
Downloading patsy-1.0.3-py2.py3-none-any.whl (233 kB)
Downloading pexpect-4.9.0-py2.py3-none-any.whl (63 kB)
Downloading pillow-12.3.0-cp312-cp312-manylinux_2_27_x86_64.manylinux_2_28_x86_64.whl (6.9 MB)
   ━━━━━━━━━━━━━━━━━━━━━━━━━━━━━━━━━━━━━━━━ 6.9/6.9 MB 86.6 MB/s eta 0:00:00
Downloading platformdirs-4.12.3-py3-none-any.whl (32 kB)
Downloading prompt_toolkit-3.0.53-py3-none-any.whl (392 kB)
Downloading protobuf-7.36.2-cp310-abi3-manylinux2014_x86_64.whl (343 kB)
Downloading psutil-7.2.2-cp36-abi3-manylinux2010_x86_64.manylinux_2_12_x86_64.manylinux_2_28_x86_64.whl (155 kB)
Downloading pyparsing-3.3.3-py3-none-any.whl (126 kB)
Downloading python_dateutil-2.9.0.post0-py2.py3-none-any.whl (229 kB)
Downloading pytz-2026.5-py2.py3-none-any.whl (506 kB)
Downloading referencing-0.37.0-py3-none-any.whl (26 kB)
Downloading requests-2.34.2-py3-none-any.whl (73 kB)
Downloading rpds_py-2026.9.1-cp312-cp312-manylinux_2_17_x86_64.manylinux2014_x86_64.whl (371 kB)
Using cached setuptools-84.0.0-py3-none-any.whl (818 kB)
Downloading six-1.17.0-py2.py3-none-any.whl (11 kB)
Downloading stack_data-0.6.3-py3-none-any.whl (24 kB)
Downloading termcolor-3.3.0-py3-none-any.whl (7.7 kB)
Downloading typing_extensions-4.16.0-py3-none-any.whl (45 kB)
Downloading tzdata-2026.5-py2.py3-none-any.whl (347 kB)
Downloading wrapt-2.5.0-cp312-cp312-manylinux1_x86_64.manylinux_2_28_x86_64.manylinux_2_5_x86_64.whl (250 kB)
Downloading xarray_einstats-0.11.0-py3-none-any.whl (39 kB)
Downloading decorator-5.3.1-py3-none-any.whl (10 kB)
Downloading jinja2-3.1.6-py3-none-any.whl (134 kB)
Downloading asttokens-3.0.2-py3-none-any.whl (28 kB)
Downloading certifi-2026.7.22-py3-none-any.whl (136 kB)
Downloading charset_normalizer-3.5.2-cp312-cp312-manylinux2014_x86_64.manylinux_2_17_x86_64.manylinux_2_28_x86_64.whl (257 kB)
Downloading executing-2.2.1-py2.py3-none-any.whl (28 kB)
Downloading idna-3.20-py3-none-any.whl (69 kB)
Downloading markupsafe-3.0.4-cp312-cp312-manylinux2014_x86_64.manylinux_2_17_x86_64.manylinux_2_28_x86_64.whl (22 kB)
Downloading parso-0.8.7-py2.py3-none-any.whl (107 kB)
Downloading ptyprocess-0.7.0-py2.py3-none-any.whl (13 kB)
Downloading urllib3-2.8.0-py3-none-any.whl (135 kB)
Downloading wcwidth-0.9.1-cp310-abi3-manylinux2014_x86_64.manylinux_2_17_x86_64.whl (768 kB)
   ━━━━━━━━━━━━━━━━━━━━━━━━━━━━━━━━━━━━━━━━ 768.4/768.4 kB 10.8 MB/s eta 0:00:00
Downloading wheel-0.48.0-py3-none-any.whl (33 kB)
Downloading namex-0.1.0-py3-none-any.whl (5.9 kB)
Downloading optree-0.20.0-cp312-cp312-manylinux_2_27_x86_64.manylinux_2_28_x86_64.whl (488 kB)
Downloading pure_eval-0.2.4-py3-none-any.whl (11 kB)
Downloading rich-15.0.0-py3-none-any.whl (310 kB)
Downloading markdown_it_py-4.2.0-py3-none-any.whl (91 kB)
Downloading mdurl-0.1.2-py3-none-any.whl (10.0 kB)
Building wheels for collected packages: google-meridian
  Building wheel for google-meridian (pyproject.toml): started
  Building wheel for google-meridian (pyproject.toml): finished with status 'done'
  Created wheel for google-meridian: filename=google_meridian-2.1.0-py3-none-any.whl size=1062331 sha256=b08b886f711909e1fe8930f75fc28e34cc023ad95e7beaba1bb3479e267a7bd5
  Stored in directory: /root/.cache/pip/wheels/55/d1/a3/1e6fc77778c772b9f2f0a755498a8e960a780c7d32e112fe53
Successfully built google-meridian
Installing collected packages: pytz, pure-eval, ptyprocess, namex, libclang, flatbuffers, wrapt, wcwidth, urllib3, tzdata, typing-extensions, traitlets, tornado, termcolor, tabulate, six, setuptools, rpds-py, pyzmq, pyparsing, pygments, psutil, protobuf, pluggy, platformdirs, pillow, pexpect, parso, packaging, opt_einsum, numpy, nest-asyncio2, natsort, narwhals, mdurl, MarkupSafe, kiwisolver, iniconfig, immutabledict, idna, gast, fonttools, fastjsonschema, executing, decorator, debugpy, cycler, comm, cloudpickle, charset_normalizer, certifi, bidict, babel, attrs, asttokens, absl-py, wheel, stack_data, scipy, requests, referencing, python-dateutil, pytest, prompt_toolkit, patsy, optree, ml_dtypes, matplotlib-inline, markdown-it-py, jupyter-core, joblib, jinja2, jedi, ipython-pygments-lexers, h5py, h5netcdf, grpcio, google_pasta, dm-tree, contourpy, tfp-nightly, rich, pandas, matplotlib, jupyter-client, jsonschema-specifications, jaxlib, ipython, astunparse, xarray, statsmodels, keras, jsonschema, jax, ipykernel, xarray-einstats, tensorflow, nbformat, altair, tf-keras, nbclient, arviz, google-meridian
Successfully installed MarkupSafe-3.0.4 absl-py-2.5.0 altair-6.3.0 arviz-0.19.0 asttokens-3.0.2 astunparse-1.6.3 attrs-26.1.0 babel-2.18.0 bidict-0.24.1 certifi-2026.7.22 charset_normalizer-3.5.2 cloudpickle-3.1.2 comm-0.2.3 contourpy-1.4.0 cycler-0.12.1 debugpy-1.8.22 decorator-5.3.1 dm-tree-0.1.10 executing-2.2.1 fastjsonschema-2.22.2 flatbuffers-25.12.19 fonttools-4.66.1 gast-0.7.0 google-meridian-2.1.0 google_pasta-0.2.0 grpcio-1.84.0 h5netcdf-1.8.1 h5py-3.14.0 idna-3.20 immutabledict-4.3.1 iniconfig-2.3.0 ipykernel-7.4.0 ipython-9.17.1 ipython-pygments-lexers-1.1.1 jax-0.11.2 jaxlib-0.11.2 jedi-0.20.0 jinja2-3.1.6 joblib-1.6.0 jsonschema-4.26.0 jsonschema-specifications-2025.9.1 jupyter-client-8.10.0 jupyter-core-5.9.1 keras-3.15.1 kiwisolver-1.5.1 libclang-18.1.1 markdown-it-py-4.2.0 matplotlib-3.10.9 matplotlib-inline-0.2.2 mdurl-0.1.2 ml_dtypes-0.6.0 namex-0.1.0 narwhals-2.26.0 natsort-7.1.1 nbclient-0.11.0 nbformat-5.11.1 nest-asyncio2-1.7.3 numpy-2.3.5 opt_einsum-3.4.0 optree-0.20.0 packaging-26.3 pandas-2.3.3 parso-0.8.7 patsy-1.0.3 pexpect-4.9.0 pillow-12.3.0 platformdirs-4.12.3 pluggy-1.6.0 prompt_toolkit-3.0.53 protobuf-7.36.2 psutil-7.2.2 ptyprocess-0.7.0 pure-eval-0.2.4 pygments-2.21.0 pyparsing-3.3.3 pytest-9.1.1 python-dateutil-2.9.0.post0 pytz-2026.5 pyzmq-27.2.0 referencing-0.37.0 requests-2.34.2 rich-15.0.0 rpds-py-2026.9.1 scipy-1.18.1 setuptools-84.0.0 six-1.17.0 stack_data-0.6.3 statsmodels-0.14.6 tabulate-0.10.0 tensorflow-2.21.0 termcolor-3.3.0 tf-keras-2.21.0 tfp-nightly-0.26.0.dev20260130 tornado-6.5.10 traitlets-5.16.1 typing-extensions-4.16.0 tzdata-2026.5 urllib3-2.8.0 wcwidth-0.9.1 wheel-0.48.0 wrapt-2.5.0 xarray-2026.9.0 xarray-einstats-0.11.0
